Command: C:\Espressif\python_env\idf5.5_py3.11_env\Scripts\python.exe C:\Espressif\frameworks\esp-idf-v5.5.2-2\tools/idf_monitor.py -p COM4 -b 115200 --toolchain-prefix xtensa-esp32-elf- --target esp32 --revision 0 C:\Users\anton\practicas_micros\proyecto_final\ESP1-MASTER\build\proyecto_final.elf C:\Users\anton\practicas_micros\proyecto_final\ESP1-MASTER\build\bootloader\bootloader.elf --force-color -m 'C:\Espressif\python_env\idf5.5_py3.11_env\Scripts\python.exe' 'C:\Espressif\frameworks\esp-idf-v5.5.2-2\tools\idf.py'
ets Jul 29 2019 12:21:46

rst:0x1 (POWERON_RESET),boot:0x13 (SPI_FAST_FLASH_BOOT)
configsip: 0, SPIWP:0xee
clk_drv:0x00,q_drv:0x00,d_drv:0x00,cs0_drv:0x00,hd_drv:0x00,wp_drv:0x00
mode:DIO, clock div:2
load:0x3fff0030,len:6384
load:0x40078000,len:15916
load:0x40080400,len:3920
entry 0x40080644
[0;32mI (27) boot: ESP-IDF HEAD-HASH-NOTFOUND 2nd stage bootloader[0m
[0;32mI (27) boot: compile time May 12 2026 10:45:14[0m
[0;32mI (28) boot: Multicore bootloader[0m
[0;32mI (30) boot: chip revision: v3.1[0m
[0;32mI (33) boot.esp32: SPI Speed      : 40MHz[0m
[0;32mI (36) boot.esp32: SPI Mode       : DIO[0m
[0;32mI (40) boot.esp32: SPI Flash Size : 2MB[0m
[0;32mI (43) boot: Enabling RNG early entropy source...[0m
[0;32mI (48) boot: Partition Table:[0m
[0;32mI (51) boot: ## Label            Usage          Type ST Offset   Length[0m
[0;32mI (57) boot:  0 nvs              WiFi data        01 02 00009000 00006000[0m
[0;32mI (63) boot:  1 phy_init         RF data          01 01 0000f000 00001000[0m
[0;32mI (70) boot:  2 factory          factory app      00 00 00010000 00100000[0m
[0;32mI (76) boot: End of partition table[0m
[0;32mI (80) esp_image: segment 0: paddr=00010020 vaddr=3f400020 size=1e020h (122912) map[0m
[0;32mI (129) esp_image: segment 1: paddr=0002e048 vaddr=3ffb0000 size=01fd0h (  8144) load[0m
[0;32mI (132) esp_image: segment 2: paddr=00030020 vaddr=400d0020 size=8fa2ch (588332) map[0m
[0;32mI (334) esp_image: segment 3: paddr=000bfa54 vaddr=3ffb1fd0 size=01f74h (  8052) load[0m
[0;32mI (337) esp_image: segment 4: paddr=000c19d0 vaddr=40080000 size=1848ch ( 99468) load[0m
[0;32mI (377) esp_image: segment 5: paddr=000d9e64 vaddr=50000000 size=00020h (    32) load[0m
[0;32mI (389) boot: Loaded app from partition at offset 0x10000[0m
[0;32mI (389) boot: Disabling RNG early entropy source...[0m
[0;32mI (399) cpu_start: Multicore app[0m
[0;32mI (408) cpu_start: GPIO 3 and 1 are used as console UART I/O pins[0m
[0;32mI (408) cpu_start: Pro cpu start user code[0m
[0;32mI (408) cpu_start: cpu freq: 160000000 Hz[0m
[0;32mI (410) app_init: Application information:[0m
[0;32mI (414) app_init: Project name:     proyecto_final[0m
[0;32mI (418) app_init: App version:      c910bd4-dirty[0m
[0;32mI (422) app_init: Compile time:     May 12 2026 13:29:21[0m
[0;32mI (428) app_init: ELF file SHA256:  8d0cc2e0e...[0m
[0;32mI (432) app_init: ESP-IDF:          HEAD-HASH-NOTFOUND[0m
[0;32mI (437) efuse_init: Min chip rev:     v0.0[0m
[0;32mI (441) efuse_init: Max chip rev:     v3.99 [0m
[0;32mI (445) efuse_init: Chip rev:         v3.1[0m
[0;32mI (449) heap_init: Initializing. RAM available for dynamic allocation:[0m
[0;32mI (455) heap_init: At 3FFAE6E0 len 00001920 (6 KiB): DRAM[0m
[0;32mI (460) heap_init: At 3FFBC180 len 00023E80 (143 KiB): DRAM[0m
[0;32mI (465) heap_init: At 3FFE0440 len 00003AE0 (14 KiB): D/IRAM[0m
[0;32mI (470) heap_init: At 3FFE4350 len 0001BCB0 (111 KiB): D/IRAM[0m
[0;32mI (476) heap_init: At 4009848C len 00007B74 (30 KiB): IRAM[0m
[0;32mI (483) spi_flash: detected chip: generic[0m
[0;32mI (485) spi_flash: flash io: dio[0m
[0;33mW (488) spi_flash: Detected size(4096k) larger than the size in the binary image header(2048k). Using the size in the binary image header.[0m
[0;32mI (501) main_task: Started on CPU0[0m
[0;32mI (511) main_task: Calling app_main()[0m
[0;32mI (541) wifi:wifi driver task: 3ffc42fc, prio:23, stack:6656, core=0[0m
[0;32mI (551) wifi:wifi firmware version: ee91c8c[0m
[0;32mI (551) wifi:wifi certification version: v7.0[0m
[0;32mI (551) wifi:config NVS flash: enabled[0m
[0;32mI (551) wifi:config nano formatting: disabled[0m
[0;32mI (551) wifi:Init data frame dynamic rx buffer num: 32[0m
[0;32mI (561) wifi:Init static rx mgmt buffer num: 5[0m
[0;32mI (561) wifi:Init management short buffer num: 32[0m
[0;32mI (571) wifi:Init dynamic tx buffer num: 32[0m
[0;32mI (571) wifi:Init static rx buffer size: 1600[0m
[0;32mI (571) wifi:Init static rx buffer num: 10[0m
[0;32mI (581) wifi:Init dynamic rx buffer num: 32[0m
[0;32mI (581) wifi_init: rx ba win: 6[0m
[0;32mI (581) wifi_init: accept mbox: 6[0m
[0;32mI (591) wifi_init: tcpip mbox: 32[0m
[0;32mI (591) wifi_init: udp mbox: 6[0m
[0;32mI (591) wifi_init: tcp mbox: 6[0m
[0;32mI (601) wifi_init: tcp tx win: 5760[0m
[0;32mI (601) wifi_init: tcp rx win: 5760[0m
[0;32mI (601) wifi_init: tcp mss: 1440[0m
[0;32mI (601) wifi_init: WiFi IRAM OP enabled[0m
[0;32mI (611) wifi_init: WiFi RX IRAM OP enabled[0m
[0;32mI (621) phy_init: phy_version 4863,a3a4459,Oct 28 2025,14:30:06[0m
[0;32mI (691) wifi:mode : sta (ec:e3:34:6f:6f:40) + softAP (ec:e3:34:6f:6f:41)[0m
[0;32mI (691) wifi:enable tsf[0m
[0;32mI (701) wifi:Total power save buffer number: 16[0m
[0;32mI (701) wifi:Init max length of beacon: 752/752[0m
[0;32mI (701) wifi:Init max length of beacon: 752/752[0m
[0;32mI (711) ESP1_MASTER: WiFi creado[0m
[0;32mI (711) ESP1_MASTER: SSID: SMART_HOME[0m
[0;32mI (711) esp_netif_lwip: DHCP server started on interface WIFI_AP_DEF with IP: 192.168.4.1[0m
[0;32mI (721) ESP1_MASTER: PASS: 12345678[0m
[0;32mI (721) ESP1_MASTER: IP: 192.168.4.1[0m
[0;32mI (731) ESPNOW: espnow [version: 2.0] init[0m
[0;32mI (731) ESP1_MASTER: ESP-NOW listo[0m
[0;32mI (741) ESP1_MASTER: Servidor web iniciado[0m
[0;33mW (741) ESP1_MASTER: OLED no responde en 0x3C: ESP_ERR_NOT_FOUND[0m
[0;32mI (741) ESP1_MASTER: ESP1 maestro listo[0m
[0;32mI (751) main_task: Returned from app_main()[0m
[0;32mI (14601) wifi:new:<1,0>, old:<1,0>, ap:<1,0>, sta:<0,0>, prof:1, snd_ch_cfg:0x0[0m
[0;32mI (14601) wifi:station: fe:74:68:d7:16:f8 join, AID=1, bgn, 20[0m
[0;32mI (15751) esp_netif_lwip: DHCP server assigned IP to a client, IP is: 192.168.4.2[0m
[0;32mI (17961) wifi:<ba-add>idx:2 (ifx:1, fe:74:68:d7:16:f8), tid:0, ssn:19, winSize:64[0m
[0;32mI (19791) wifi:<ba-add>idx:3 (ifx:1, fe:74:68:d7:16:f8), tid:1, ssn:0, winSize:64[0m
[0;32mI (23151) ESP1_MASTER: URI recibida: /open[0m
[0;32mI (23151) ESP1_MASTER: Enviado a ESP-NOW: PUERTA=1[0m
[0;32mI (24951) ESP1_MASTER: URI recibida: /open[0m
[0;32mI (24951) ESP1_MASTER: Enviado a ESP-NOW: PUERTA=1[0m
[0;32mI (27111) ESP1_MASTER: URI recibida: /close[0m
[0;32mI (27111) ESP1_MASTER: Enviado a ESP-NOW: PUERTA=0[0m
[0;32mI (32721) ESP1_MASTER: URI recibida: /open[0m
[0;32mI (32721) ESP1_MASTER: Enviado a ESP-NOW: PUERTA=1[0m
[0;32mI (47871) ESP1_MASTER: URI recibida: /allon[0m
[0;32mI (47871) ESP1_MASTER: Enviado a ESP-NOW: LUCES=1[0m
[0;32mI (52121) ESP1_MASTER: URI recibida: /close[0m
[0;32mI (52121) ESP1_MASTER: Enviado a ESP-NOW: PUERTA=0[0m
[0;32mI (55921) ESP1_MASTER: URI recibida: /open[0m
[0;32mI (55931) ESP1_MASTER: Enviado a ESP-NOW: PUERTA=1[0m
[0;32mI (57711) ESP1_MASTER: URI recibida: /close[0m
[0;32mI (57711) ESP1_MASTER: Enviado a ESP-NOW: PUERTA=0[0m
[0;32mI (60761) ESP1_MASTER: URI recibida: /close[0m
[0;32mI (60761) ESP1_MASTER: Enviado a ESP-NOW: PUERTA=0[0m
[0;32mI (61891) ESP1_MASTER: URI recibida: /open[0m
[0;32mI (61891) ESP1_MASTER: Enviado a ESP-NOW: PUERTA=1[0m
�^C�
B���J�����Total power save buffer number: 16
[0;32mI (711) wifi:Init max length of beacon: 752/752[0m
[0;32mI (711) wifi:Init max length of beacon: 752/752[0m
[0;32mI (721) ESP1_MASTER: WiFi creado[0m
[0;32mI (721) ESP1_MASTER: SSID: SMART_HOME[0m
[0;32mI (721) esp_netif_lwip: DHCP server started on interface WIFI_AP_DEF with IP: 192.168.4.1[0m
[0;32mI (731) ESP1_MASTER: PASS: 12345678[0m
[0;32mI (731) ESP1_MASTER: IP: 192.168.4.1[0m
[0;32mI (731) ESPNOW: espnow [version: 2.0] init[0m
[0;32mI (741) ESP1_MASTER: ESP-NOW listo[0m
[0;32mI (741) ESP1_MASTER: Servidor web iniciado[0m
[0;33mW (751) ESP1_MASTER: OLED no responde en 0x3C: ESP_ERR_NOT_FOUND[0m
[0;32mI (751) ESP1_MASTER: ESP1 maestro listo[0m
[0;32mI (751) main_task: Returned from app_main()[0m
